Microchip MPLAB XC8 Compiler V2.45

Linker command line:

-W-3 \
  --edf=C:\Program Files\Microchip\xc8\v2.45\pic\dat\20230818022343_en.msgs \
  -cn -h+dist/default/production\Labtest.X.production.sym \
  --cmf=dist/default/production\Labtest.X.production.cmf -z -Q18F4520 \
  -oC:\Users\USER\AppData\Local\Temp\xcBsr7o.1\driver_tmp_3.o \
  --defsym=__MPLAB_BUILD=1 --fixupoverflow=error \
  -Mdist/default/production/Labtest.X.production.map \
  --md=C:\Users\USER\AppData\Local\Temp\xcBsr7o.1\driver_tmp_0.dat -E1 \
  -ver=XC8 Compiler --acfsm=1493 -ACODE=00h-07FFFh -ACONST=00h-07FFFh \
  -ASMALLCONST=0600h-06FFhx122 -AMEDIUMCONST=0600h-07FFFh -ACOMRAM=01h-07Fh \
  -AABS1=00h-05FFh -ABIGRAM=01h-05FFh -ARAM=080h-0FFh,0100h-01FFhx5 \
  -ABANK0=080h-0FFh -ABANK1=0100h-01FFh -ABANK2=0200h-02FFh \
  -ABANK3=0300h-03FFh -ABANK4=0400h-04FFh -ABANK5=0500h-05FFh \
  -ASFR=0F80h-0FFFh -ABIGSFR=0F80h-0FFFh -ACONFIG=0300000h-030000Dh \
  -AIDLOC=0200000h-0200007h -AEEDATA=0F00000h-0F000FFh -peeprom_data=EEDATA \
  -preset_vec=00h,intcode,intcodelo=018h,powerup,init -pramtop=0600h \
  -psmallconst=SMALLCONST -pmediumconst=MEDIUMCONST -pconst=CONST \
  -AFARRAM=00h-00h \
  -prdata=COMRAM,nvrram=COMRAM,nvbit=COMRAM,rbss=COMRAM,rbit=COMRAM \
  -pfarbss=FARRAM,fardata=FARRAM,nvFARRAM=FARRAM \
  -pintsave_regs=BIGRAM,bigbss=BIGRAM,bigdata=BIGRAM -pbss=RAM \
  -pidata=CODE,irdata=CODE,ibigdata=CODE,ifardata=CODE -prparam=COMRAM \
  C:\Users\USER\AppData\Local\Temp\xcBsr7o.1\driver_tmp_9.o \
  dist/default/production\Labtest.X.production.o 

Object code version is 3.11

Machine type is 18F4520



                Name                               Link     Load   Length Selector   Space Scale
C:\Users\USER\AppData\Local\Temp\xcBsr7o.1\driver_tmp_9.o
                idloc                            200000   200000        8        0       5
                config                           300000   300000        E        0       4
                init                                 6C       6C        4        C       0
                reset_vec                             0        0        4        0       0
dist/default/production\Labtest.X.production.o
                intcodelo                            18       18       54        C       0
                idloc                            200000   200000        8        0       5
                config                           300000   300000        E        0       4
                temp                                 3F       3F        1        1       1
                smallconst                          600      600        2      300       0
                text15                              9BC      9BC       16      301       0
                text14                              740      740       B0      301       0
                text13                              8B2      8B2       3C      301       0
                text11                              876      876       3C      301       0
                text10                              9EE      9EE        4      301       0
                text9                               7F0      7F0       86      301       0
                text8                               8EE      8EE       2E      301       0
                text7                               9D2      9D2        E      301       0
                text6                               9E0      9E0        8      301       0
                text5                               9E8      9E8        6      301       0
                text4                               946      946       24      301       0
                text3                               96A      96A       22      301       0
                text2                               9A6      9A6       16      301       0
                text1                               91C      91C       2A      301       0
                text0                               602      602      13E      301       0
                cstackCOMRAM                         2D       2D       12        1       1
                bssCOMRAM                             1        1       2C        1       1
                cinit                               98C      98C       1A      301       0

TOTAL           Name                               Link     Load   Length     Space
        CLASS   CODE           
                intcodelo                            18       18       54         0
                init                                 6C       6C        4         0
                reset_vec                             0        0        4         0
                text15                              9BC      9BC       16         0
                text14                              740      740       B0         0
                text13                              8B2      8B2       3C         0
                text11                              876      876       3C         0
                text10                              9EE      9EE        4         0
                text9                               7F0      7F0       86         0
                text8                               8EE      8EE       2E         0
                text7                               9D2      9D2        E         0
                text6                               9E0      9E0        8         0
                text5                               9E8      9E8        6         0
                text4                               946      946       24         0
                text3                               96A      96A       22         0
                text2                               9A6      9A6       16         0
                text1                               91C      91C       2A         0
                text0                               602      602      13E         0
                cinit                               98C      98C       1A         0

        CLASS   CONST          

        CLASS   SMALLCONST     
                smallconst                          600      600        2         0

        CLASS   MEDIUMCONST    

        CLASS   COMRAM         
                temp                                 3F       3F        1         1
                cstackCOMRAM                         2D       2D       12         1
                bssCOMRAM                             1        1       2C         1

        CLASS   ABS1           

        CLASS   BIGRAM         

        CLASS   RAM            

        CLASS   BANK0          

        CLASS   BANK1          

        CLASS   BANK2          

        CLASS   BANK3          

        CLASS   BANK4          

        CLASS   BANK5          

        CLASS   SFR            

        CLASS   BIGSFR         

        CLASS   CONFIG         
                config                           300000   300000        E         4

        CLASS   IDLOC          
                idloc                            200000   200000        8         5

        CLASS   EEDATA         

        CLASS   FARRAM         

        CLASS   HEAP           

        CLASS   STACK          



SEGMENTS        Name                           Load    Length   Top    Selector   Space  Class

                reset_vec                      000000  000004  000004         0       0  CODE    
                bssCOMRAM                      000001  00003F  000040         1       1  COMRAM  
                intcodelo                      000018  000058  000070         C       0  CODE    
                smallconst                     000600  000002  000602       300       0  SMALLCON
                text0                          000602  0003F0  0009F2       301       0  CODE    


UNUSED ADDRESS RANGES

        Name                Unused          Largest block    Delta
        BANK0            000080-0000FF               80
        BANK1            000100-0001FF              100
        BANK2            000200-0002FF              100
        BANK3            000300-0003FF              100
        BANK4            000400-0004FF              100
        BANK5            000500-0005FF              100
        BIGRAM           000040-0005FF              5C0
        BIGSFR           000F80-000FFF               80
        CODE             000004-000017               14
                         000070-0005FF              590
                         0009F2-007FFF             760E
        COMRAM           000040-00007F               40
        CONST            000004-000017               14
                         000070-0005FF              590
                         0009F2-007FFF             760E
        EEDATA           F00000-F000FF              100
        MEDIUMCONST      0009F2-007FFF             760E
        RAM              000080-0005FF              100
        SFR              000F80-000FFF               80
        SMALLCONST       0009F2-007FFF              100

                                  Symbol Table

?___awmod                cstackCOMRAM 00002D
ClearBuffer@i            cstackCOMRAM 000038
H_ctrl@num               cstackCOMRAM 00003A
PWM_Modify@num           cstackCOMRAM 000038
UART_Write@data          cstackCOMRAM 00002D
_BAUDCONbits             (abs)        000FB8
_CCP1CONbits             (abs)        000FBD
_CCPR1L                  (abs)        000FBE
_CREN                    (abs)        007D5C
_ClearBuffer             text11       000876
_GetString               text10       0009EE
_H_Bridge_INIT           text7        0009D2
_H_ctrl                  text9        0007F0
_INTCONbits              (abs)        000FF2
_INTERRUPT_INIT          text6        0009E0
_IPR1bits                (abs)        000F9F
_LATC                    (abs)        000F8B
_LATCbits                (abs)        000F8B
_LATD                    (abs)        000F8C
_LATDbits                (abs)        000F8C
_LOW_ISR                 intcodelo    000018
_MyusartRead             text13       0008B2
_OSCCONbits              (abs)        000FD3
_OSC_INIT                text5        0009E8
_PIE1bits                (abs)        000F9D
_PIR1bits                (abs)        000F9E
_PR2                     (abs)        000FCB
_PWM_INIT                text4        000946
_PWM_Modify              text8        0008EE
_RCONbits                (abs)        000FD0
_RCREG                   (abs)        000FAE
_RCSTAbits               (abs)        000FAB
_SPBRG                   (abs)        000FAF
_SYSTEM_INIT             text2        0009A6
_T2CONbits               (abs)        000FCA
_TRISCbits               (abs)        000F94
_TRISDbits               (abs)        000F95
_TXREG                   (abs)        000FAD
_TXSTAbits               (abs)        000FAC
_UART_INIT               text3        00096A
_UART_Write              text15       0009BC
__HRAM                   (abs)        000000
__H__absolute__          __absolute__ 000000
__Habs1                  abs1         000000
__Hbank0                 bank0        000000
__Hbank1                 bank1        000000
__Hbank2                 bank2        000000
__Hbank3                 bank3        000000
__Hbank4                 bank4        000000
__Hbank5                 bank5        000000
__Hbigbss                bigbss       000000
__Hbigdata               bigdata      000000
__Hbigram                bigram       000000
__Hbigsfr                bigsfr       000000
__Hbss                   bss          000000
__HbssCOMRAM             bssCOMRAM    000000
__Hcinit                 cinit        000000
__Hclrtext               clrtext      000000
__Hcomram                comram       000000
__Hconfig                config       30000E
__Hconst                 const        000000
__HcstackCOMRAM          cstackCOMRAM 000000
__Hdata                  data         000000
__Heeprom_data           eeprom_data  000000
__Hfarbss                farbss       000000
__Hfardata               fardata      000000
__Hheap                  heap         000000
__Hibigdata              ibigdata     000000
__Hidata                 idata        000000
__Hidloc                 idloc        200008
__Hifardata              ifardata     000000
__Hinit                  init         000070
__Hintcode               intcode      000004
__Hintcode_body          intcode_body 000000
__Hintcodelo             intcodelo    00006C
__Hintentry              intentry     000000
__Hintret                intret       000000
__Hintsave_regs          intsave_regs 000000
__Hirdata                irdata       000000
__Hmediumconst           mediumconst  000000
__HnvFARRAM              nvFARRAM     000000
__Hnvbit                 nvbit        000000
__Hnvrram                nvrram       000000
__Hparam                 rparam       000000
__Hpowerup               powerup      00006C
__Hram                   ram          000000
__Hramtop                ramtop       000600
__Hrbit                  rbit         000000
__Hrbss                  rbss         000000
__Hrdata                 rdata        000000
__Hreset_vec             reset_vec    000004
__Hrparam                rparam       000000
__Hsfr                   sfr          000000
__Hsmallconst            smallconst   000602
__Hspace_0               (abs)        0009F2
__Hspace_1               (abs)        000040
__Hspace_2               (abs)        000000
__Hspace_4               (abs)        60000E
__Hstack                 stack        000000
__Hstruct                struct       000000
__Htemp                  temp         000040
__Htext                  text         000000
__Htext0                 text0        000000
__Htext1                 text1        000000
__Htext10                text10       000000
__Htext11                text11       000000
__Htext13                text13       000000
__Htext14                text14       000000
__Htext15                text15       000000
__Htext2                 text2        000000
__Htext3                 text3        000000
__Htext4                 text4        000000
__Htext5                 text5        000000
__Htext6                 text6        000000
__Htext7                 text7        000000
__Htext8                 text8        000000
__Htext9                 text9        000000
__LRAM                   (abs)        000001
__L__absolute__          __absolute__ 000000
__Labs1                  abs1         000000
__Lbank0                 bank0        000000
__Lbank1                 bank1        000000
__Lbank2                 bank2        000000
__Lbank3                 bank3        000000
__Lbank4                 bank4        000000
__Lbank5                 bank5        000000
__Lbigbss                bigbss       000000
__Lbigdata               bigdata      000000
__Lbigram                bigram       000000
__Lbigsfr                bigsfr       000000
__Lbss                   bss          000000
__LbssCOMRAM             bssCOMRAM    000000
__Lcinit                 cinit        000000
__Lclrtext               clrtext      000000
__Lcomram                comram       000000
__Lconfig                config       000000
__Lconst                 const        000000
__LcstackCOMRAM          cstackCOMRAM 000000
__Ldata                  data         000000
__Leeprom_data           eeprom_data  000000
__Lfarbss                farbss       000000
__Lfardata               fardata      000000
__Lheap                  heap         000000
__Libigdata              ibigdata     000000
__Lidata                 idata        000000
__Lidloc                 idloc        000000
__Lifardata              ifardata     000000
__Linit                  init         00006C
__Lintcode               intcode      000004
__Lintcode_body          intcode_body 000000
__Lintcodelo             intcodelo    000018
__Lintentry              intentry     000000
__Lintret                intret       000000
__Lintsave_regs          intsave_regs 000000
__Lirdata                irdata       000000
__Lmediumconst           mediumconst  000000
__LnvFARRAM              nvFARRAM     000000
__Lnvbit                 nvbit        000000
__Lnvrram                nvrram       000000
__Lparam                 rparam       000000
__Lpowerup               powerup      00006C
__Lram                   ram          000000
__Lramtop                ramtop       000600
__Lrbit                  rbit         000000
__Lrbss                  rbss         000000
__Lrdata                 rdata        000000
__Lreset_vec             reset_vec    000000
__Lrparam                rparam       000000
__Lsfr                   sfr          000000
__Lsmallconst            smallconst   000600
__Lspace_0               (abs)        000000
__Lspace_1               (abs)        000000
__Lspace_2               (abs)        000000
__Lspace_4               (abs)        000000
__Lstack                 stack        000000
__Lstruct                struct       000000
__Ltemp                  temp         00003F
__Ltext                  text         000000
__Ltext0                 text0        000000
__Ltext1                 text1        000000
__Ltext10                text10       000000
__Ltext11                text11       000000
__Ltext13                text13       000000
__Ltext14                text14       000000
__Ltext15                text15       000000
__Ltext2                 text2        000000
__Ltext3                 text3        000000
__Ltext4                 text4        000000
__Ltext5                 text5        000000
__Ltext6                 text6        000000
__Ltext7                 text7        000000
__Ltext8                 text8        000000
__Ltext9                 text9        000000
__S0                     (abs)        0009F2
__S1                     (abs)        000040
__S4                     (abs)        000000
__S5                     (abs)        000000
___awmod                 text14       000740
___awmod@counter         cstackCOMRAM 000031
___awmod@dividend        cstackCOMRAM 00002D
___awmod@divisor         cstackCOMRAM 00002F
___awmod@sign            cstackCOMRAM 000032
___heap_hi               (abs)        000000
___heap_lo               (abs)        000000
___inthi_sp              stack        000000
___inthi_stack_hi        stack        000000
___inthi_stack_lo        stack        000000
___intlo_sp              stack        000000
___intlo_stack_hi        stack        000000
___intlo_stack_lo        stack        000000
___param_bank            (abs)        000000
___rparam_used           (abs)        000001
___sp                    stack        000000
___stack_hi              stack        000000
___stack_lo              stack        000000
__accesstop              (abs)        000080
__activetblptr           (abs)        000002
__end_of_ClearBuffer     text11       0008B2
__end_of_GetString       text10       0009F2
__end_of_H_Bridge_INIT   text7        0009E0
__end_of_H_ctrl          text9        000876
__end_of_INTERRUPT_INIT  text6        0009E8
__end_of_LOW_ISR         intcodelo    00006C
__end_of_MyusartRead     text13       0008EE
__end_of_OSC_INIT        text5        0009EE
__end_of_PWM_INIT        text4        00096A
__end_of_PWM_Modify      text8        00091C
__end_of_SYSTEM_INIT     text2        0009BC
__end_of_UART_INIT       text3        00098C
__end_of_UART_Write      text15       0009D2
__end_of___awmod         text14       0007F0
__end_of__initialization cinit        000998
__end_of_main            text0        000740
__end_of_strcpy          text1        000946
__initialization         cinit        00098C
__mediumconst            mediumconst  000000
__pbssCOMRAM             bssCOMRAM    000001
__pcinit                 cinit        00098C
__pcstackCOMRAM          cstackCOMRAM 00002D
__pintcodelo             intcodelo    000018
__psmallconst            smallconst   000600
__ptext0                 text0        000602
__ptext1                 text1        00091C
__ptext10                text10       0009EE
__ptext11                text11       000876
__ptext13                text13       0008B2
__ptext14                text14       000740
__ptext15                text15       0009BC
__ptext2                 text2        0009A6
__ptext3                 text3        00096A
__ptext4                 text4        000946
__ptext5                 text5        0009E8
__ptext6                 text6        0009E0
__ptext7                 text7        0009D2
__ptext8                 text8        0008EE
__ptext9                 text9        0007F0
__ramtop                 ramtop       000600
__smallconst             smallconst   000600
_lenStr                  bssCOMRAM    000001
_main                    text0        000602
_mystring                bssCOMRAM    000005
_speed                   bssCOMRAM    000003
_str                     bssCOMRAM    000019
_strcpy                  text1        00091C
btemp                    temp         00003F
end_of_initialization    cinit        000998
int$flags                temp         00003F
intlevel0                text         000000
intlevel1                text         000000
intlevel2                text         000000
intlevel3                text         000000
isa$std                  (abs)        000001
isa$xinst                (abs)        000000
stackhi                  (abs)        000000
stacklo                  (abs)        000000
start                    init         00006C
start_initialization     cinit        00098C
strcpy@d                 cstackCOMRAM 00003C
strcpy@dest              cstackCOMRAM 00003A
strcpy@src               cstackCOMRAM 00003B
ttemp5                   temp         000040
ttemp6                   temp         000043
ttemp7                   temp         000047
wtemp8                   temp         000040


MODULE INFORMATION

Module		Function		Class		Link	Load	Size
h_bridge.c
		_H_ctrl        		CODE           	07F0	0000	134
		_H_Bridge_INIT 		CODE           	09D2	0000	14

h_bridge.c estimated size: 148

uart.c
		_LOW_ISR       		CODE           	0018	0000	84
		_MyusartRead   		CODE           	08B2	0000	60
		_UART_INIT     		CODE           	096A	0000	34
		_GetString     		CODE           	09EE	0000	4
		_ClearBuffer   		CODE           	0876	0000	60
		_UART_Write    		CODE           	09BC	0000	22

uart.c estimated size: 264

setting.c
		_OSC_INIT      		CODE           	09E8	0000	6
		_SYSTEM_INIT   		CODE           	09A6	0000	22

setting.c estimated size: 28

C:\Program Files\Microchip\xc8\v2.45\pic\sources\c99\common\awmod.c
		___awmod       		CODE           	0740	0000	176

C:\Program Files\Microchip\xc8\v2.45\pic\sources\c99\common\awmod.c estimated size: 176

PWM.c
		_PWM_Modify    		CODE           	08EE	0000	46
		_PWM_INIT      		CODE           	0946	0000	36

PWM.c estimated size: 82

shared
		__initialization		CODE           	098C	0000	12

shared estimated size: 12

interrupt_manager.c
		_INTERRUPT_INIT		CODE           	09E0	0000	8

interrupt_manager.c estimated size: 8

C:\Program Files\Microchip\xc8\v2.45\pic\sources\c99\common\strcpy.c
		_strcpy        		CODE           	091C	0000	42

C:\Program Files\Microchip\xc8\v2.45\pic\sources\c99\common\strcpy.c estimated size: 42

main.c
		_main          		CODE           	0602	0000	318

main.c estimated size: 318

